
Daw1@B25-nn MINGW64 ~
$ cd Desktop

Daw1@B25-nn MINGW64 ~/Desktop
$ cd proyectoED/

Daw1@B25-nn MINGW64 ~/Desktop/proyectoED (master)
$ git status
On branch master
Changes to be committed:
  (use "git reset HEAD <file>..." to unstage)

        modified:   Dado.java


Daw1@B25-nn MINGW64 ~/Desktop/proyectoED (master)
$ git commit -m "Version 1.1 5.4.2019"
[master 4ab42ff] Version 1.1 5.4.2019
 1 file changed, 5 insertions(+)

Daw1@B25-nn MINGW64 ~/Desktop/proyectoED (master)
$ git log
commit 4ab42ff7336aac770ef848e2996546552afdf550 (HEAD -> master)
Author: Daw1 <jj.bp.blnk@gmsil.com>
Date:   Thu Apr 4 09:10:45 2019 +0200

    Version 1.1 5.4.2019

commit e89f1525d355a1e461f5af00e7a03732e9776f0d
Author: Daw1 <jj.bp.blnk@gmsil.com>
Date:   Thu Apr 4 08:53:08 2019 +0200

    Version 1.0 dado 04.04.2019

Daw1@B25-nn MINGW64 ~/Desktop/proyectoED (master)
$ git status
On branch master
Changes not staged for commit:
  (use "git add <file>..." to update what will be committed)
  (use "git checkout -- <file>..." to discard changes in working directory)

        modified:   Dado.java

no changes added to commit (use "git add" and/or "git commit -a")

Daw1@B25-nn MINGW64 ~/Desktop/proyectoED (master)
$ git add Dado.java

Daw1@B25-nn MINGW64 ~/Desktop/proyectoED (master)
$ git status
On branch master
Changes to be committed:
  (use "git reset HEAD <file>..." to unstage)

        modified:   Dado.java


Daw1@B25-nn MINGW64 ~/Desktop/proyectoED (master)
$ git reset HEAD Dado.java
Unstaged changes after reset:
M       Dado.java

Daw1@B25-nn MINGW64 ~/Desktop/proyectoED (master)
$ git status
On branch master
Changes not staged for commit:
  (use "git add <file>..." to update what will be committed)
  (use "git checkout -- <file>..." to discard changes in working directory)

        modified:   Dado.java

no changes added to commit (use "git add" and/or "git commit -a")

Daw1@B25-nn MINGW64 ~/Desktop/proyectoED (master)
$ git giff Dado.java
git: 'giff' is not a git command. See 'git --help'.

The most similar command is
        diff

Daw1@B25-nn MINGW64 ~/Desktop/proyectoED (master)
$ git diff Dado.java
diff --git a/Dado.java b/Dado.java
index 18d46c7..3598c54 100644
--- a/Dado.java
+++ b/Dado.java
@@ -9,4 +9,8 @@ public class Dado{
   public void tirarDado(){

   }
+
+  public static void maing(String[] args){
+    System.out.println("Hola");
+  }
 }
\ No newline at end of file

Daw1@B25-nn MINGW64 ~/Desktop/proyectoED (master)
$ git checkout -- Dado.java^C

Daw1@B25-nn MINGW64 ~/Desktop/proyectoED (master)
$ git diff Dado.java
diff --git a/Dado.java b/Dado.java
index 18d46c7..3598c54 100644
--- a/Dado.java
+++ b/Dado.java
@@ -9,4 +9,8 @@ public class Dado{
   public void tirarDado(){

   }
+
+  public static void maing(String[] args){
+    System.out.println("Hola");
+  }
 }
\ No newline at end of file

Daw1@B25-nn MINGW64 ~/Desktop/proyectoED (master)
$ git checkout -- Dado.java

Daw1@B25-nn MINGW64 ~/Desktop/proyectoED (master)
$ git status
On branch master
Untracked files:
  (use "git add <file>..." to include in what will be committed)

        TestDado.java

nothing added to commit but untracked files present (use "git add" to track)

Daw1@B25-nn MINGW64 ~/Desktop/proyectoED (master)
$ git status
On branch master
Untracked files:
  (use "git add <file>..." to include in what will be committed)

        TestDado.java
        leeme.txt
        lol.gitignore

nothing added to commit but untracked files present (use "git add" to track)

Daw1@B25-nn MINGW64 ~/Desktop/proyectoED (master)
$ git status
On branch master
Untracked files:
  (use "git add <file>..." to include in what will be committed)

        .gitignore
        TestDado.java
        leeme.txt

nothing added to commit but untracked files present (use "git add" to track)

Daw1@B25-nn MINGW64 ~/Desktop/proyectoED (master)
$ git add .gitignore

Daw1@B25-nn MINGW64 ~/Desktop/proyectoED (master)
$ git status
On branch master
Changes to be committed:
  (use "git reset HEAD <file>..." to unstage)

        new file:   .gitignore

Untracked files:
  (use "git add <file>..." to include in what will be committed)

        TestDado.java
        leeme.txt


Daw1@B25-nn MINGW64 ~/Desktop/proyectoED (master)
$ git commit -m "v.3 agregado el git ignore"
[master 63c0b87] v.3 agregado el git ignore
 1 file changed, 1 insertion(+)
 create mode 100644 .gitignore

Daw1@B25-nn MINGW64 ~/Desktop/proyectoED (master)
$ git status
On branch master
Untracked files:
  (use "git add <file>..." to include in what will be committed)

        TestDado.java
        leeme.txt

nothing added to commit but untracked files present (use "git add" to track)

Daw1@B25-nn MINGW64 ~/Desktop/proyectoED (master)
$ git log
commit 63c0b873ff7fd2276716c6473cdb9d3279fc0e59 (HEAD -> master)
Author: Daw1 <jj.bp.blnk@gmsil.com>
Date:   Thu Apr 4 09:39:04 2019 +0200

    v.3 agregado el git ignore

commit 4ab42ff7336aac770ef848e2996546552afdf550
Author: Daw1 <jj.bp.blnk@gmsil.com>
Date:   Thu Apr 4 09:10:45 2019 +0200

    Version 1.1 5.4.2019

commit e89f1525d355a1e461f5af00e7a03732e9776f0d
Author: Daw1 <jj.bp.blnk@gmsil.com>
Date:   Thu Apr 4 08:53:08 2019 +0200

    Version 1.0 dado 04.04.2019

Daw1@B25-nn MINGW64 ~/Desktop/proyectoED (master)
$ git status
On branch master
Untracked files:
  (use "git add <file>..." to include in what will be committed)

        TestDado.java
        leeme.txt

nothing added to commit but untracked files present (use "git add" to track)

Daw1@B25-nn MINGW64 ~/Desktop/proyectoED (master)
$

Daw1@B25-nn MINGW64 ~/Desktop/proyectoED (master)
$
